first,second
"This sentence has ""double quotes""","control"
"This sentence has , comma","control"
"4""2","control"
"4,2","control"
"""42","control"
",42","control"
"42","control"
,"control"
"42",
,
